<?php return array (
  0 => 'Symfony\\Component\\Cache\\Adapter\\ApcuAdapter',
  1 => 'Symfony\\Component\\Cache\\Adapter\\FilesystemAdapter',
  2 => 'Symfony\\Component\\Cache\\CacheItem',
  3 => 'Symfony\\Component\\Routing\\Generator\\UrlGenerator',
  4 => 'Symfony\\Component\\Routing\\RequestContext',
  5 => 'Symfony\\Component\\Routing\\Router',
  6 => 'Symfony\\Bundle\\FrameworkBundle\\Routing\\RedirectableUrlMatcher',
  7 => 'Symfony\\Bundle\\FrameworkBundle\\Routing\\Router',
  8 => 'Symfony\\Component\\Cache\\Adapter\\PhpArrayAdapter',
  9 => 'Symfony\\Component\\Cache\\DoctrineProvider',
  10 => 'Symfony\\Component\\Config\\ConfigCache',
  11 => 'Symfony\\Component\\Config\\FileLocator',
  12 => 'Symfony\\Component\\Debug\\ErrorHandler',
  13 => 'Symfony\\Component\\DependencyInjection\\ContainerAwareInterface',
  14 => 'Symfony\\Component\\DependencyInjection\\Container',
  15 => 'Symfony\\Component\\EventDispatcher\\Event',
  16 => 'Symfony\\Component\\EventDispatcher\\ContainerAwareEventDispatcher',
  17 => 'Symfony\\Component\\HttpFoundation\\Response',
  18 => 'Symfony\\Component\\HttpFoundation\\ResponseHeaderBag',
  19 => 'Symfony\\Component\\HttpKernel\\EventListener\\ResponseListener',
  20 => 'Symfony\\Component\\HttpKernel\\EventListener\\RouterListener',
  21 => 'Symfony\\Component\\HttpKernel\\Bundle\\Bundle',
  22 => 'Symfony\\Component\\HttpKernel\\Controller\\ControllerResolver',
  23 => 'Symfony\\Component\\HttpKernel\\Controller\\ArgumentResolver',
  24 => 'Symfony\\Component\\HttpKernel\\ControllerMetadata\\ArgumentMetadata',
  25 => 'Symfony\\Component\\HttpKernel\\ControllerMetadata\\ArgumentMetadataFactory',
  26 => 'Symfony\\Component\\HttpKernel\\Event\\KernelEvent',
  27 => 'Symfony\\Component\\HttpKernel\\Event\\FilterControllerEvent',
  28 => 'Symfony\\Component\\HttpKernel\\Event\\FilterResponseEvent',
  29 => 'Symfony\\Component\\HttpKernel\\Event\\GetResponseEvent',
  30 => 'Symfony\\Component\\HttpKernel\\Event\\GetResponseForControllerResultEvent',
  31 => 'Symfony\\Component\\HttpKernel\\Event\\GetResponseForExceptionEvent',
  32 => 'Symfony\\Component\\HttpKernel\\HttpKernel',
  33 => 'Symfony\\Component\\HttpKernel\\KernelEvents',
  34 => 'Symfony\\Component\\HttpKernel\\Config\\FileLocator',
  35 => 'Symfony\\Bundle\\FrameworkBundle\\Controller\\ControllerNameParser',
  36 => 'Symfony\\Bundle\\FrameworkBundle\\Controller\\ControllerResolver',
  37 => 'Twig_Environment',
  38 => 'Twig_Extension',
  39 => 'Twig_Extension_Core',
  40 => 'Twig_Extension_Escaper',
  41 => 'Twig_Extension_Optimizer',
  42 => 'Twig_LoaderInterface',
  43 => 'Twig_Markup',
  44 => 'Twig_Template',
  45 => 'Monolog\\Formatter\\FormatterInterface',
  46 => 'Monolog\\Formatter\\LineFormatter',
  47 => 'Monolog\\Handler\\HandlerInterface',
  48 => 'Monolog\\Handler\\AbstractHandler',
  49 => 'Monolog\\Handler\\AbstractProcessingHandler',
  50 => 'Monolog\\Handler\\StreamHandler',
  51 => 'Monolog\\Handler\\FingersCrossedHandler',
  52 => 'Monolog\\Handler\\FilterHandler',
  53 => 'Monolog\\Handler\\TestHandler',
  54 => 'Monolog\\Logger',
  55 => 'Symfony\\Bridge\\Monolog\\Logger',
  56 => 'Monolog\\Handler\\FingersCrossed\\ActivationStrategyInterface',
  57 => 'Monolog\\Handler\\FingersCrossed\\ErrorLevelActivationStrategy',
  58 => 'Doctrine\\Common\\Annotations\\DocLexer',
  59 => 'Doctrine\\Common\\Annotations\\FileCacheReader',
  60 => 'Doctrine\\Common\\Annotations\\PhpParser',
  61 => 'Doctrine\\Common\\Annotations\\Reader',
  62 => 'Doctrine\\Common\\Lexer',
  63 => 'Doctrine\\Common\\Persistence\\ConnectionRegistry',
  64 => 'Doctrine\\Common\\Persistence\\Proxy',
  65 => 'Doctrine\\Common\\Util\\ClassUtils',
  66 => 'Doctrine\\Bundle\\DoctrineBundle\\Registry',
  67 => 'Sensio\\Bundle\\FrameworkExtraBundle\\EventListener\\ControllerListener',
  68 => 'Sensio\\Bundle\\FrameworkExtraBundle\\EventListener\\ParamConverterListener',
  69 => 'Sensio\\Bundle\\FrameworkExtraBundle\\Request\\ParamConverter\\DateTimeParamConverter',
  70 => 'Sensio\\Bundle\\FrameworkExtraBundle\\Request\\ParamConverter\\DoctrineParamConverter',
  71 => 'Sensio\\Bundle\\FrameworkExtraBundle\\Request\\ParamConverter\\ParamConverterInterface',
  72 => 'Sensio\\Bundle\\FrameworkExtraBundle\\Request\\ParamConverter\\ParamConverterManager',
  73 => 'Sensio\\Bundle\\FrameworkExtraBundle\\EventListener\\TemplateListener',
  74 => 'Sensio\\Bundle\\FrameworkExtraBundle\\EventListener\\HttpCacheListener',
  75 => 'Sensio\\Bundle\\FrameworkExtraBundle\\EventListener\\SecurityListener',
  76 => 'Sensio\\Bundle\\FrameworkExtraBundle\\Configuration\\ConfigurationAnnotation',
  77 => 'Sonata\\SeoBundle\\Seo\\SeoPage',
  78 => 'Sonata\\SeoBundle\\Seo\\SeoPageInterface',
  79 => 'Sonata\\SeoBundle\\Sitemap\\SourceManager',
  80 => 'Sonata\\SeoBundle\\Twig\\Extension\\SeoExtension',
  81 => 'BW\\BaseBundle\\BWBaseInterface',
);